当前时间1600783386220
